// Jest Snapshot v1, https://goo.gl/fbAQLP

exports[`<NavLinks /> should match snapshot 1`] = `
.c0 {
  display: -webkit-box;
  display: -webkit-flex;
  display: -ms-flexbox;
  display: flex;
  -webkit-flex-wrap: wrap;
  -ms-flex-wrap: wrap;
  flex-wrap: wrap;
}

.c1 {
  display: block;
  font-size: 1.6rem;
  padding: 1.6rem;
  color: #0A1128;
  position: relative;
}

.c1::after {
  content: '';
  position: absolute;
  bottom: 0.78rem;
  height: 0.2rem;
  background: #dc143c;
  width: 0;
  left: 50%;
  -webkit-transition: all 0.2s ease-in-out;
  transition: all 0.2s ease-in-out;
}

.c1:hover::after {
  width: 50%;
  left: 25%;
}

@media (max-width:768px) {
  .c0 {
    -webkit-flex-flow: column nowrap;
    -ms-flex-flow: column nowrap;
    flex-flow: column nowrap;
    -webkit-align-items: center;
    -webkit-box-align: center;
    -ms-flex-align: center;
    align-items: center;
  }
}

<nav
  aria-label="Main menu"
  class="c0"
>
  <a
    class="c1"
    href="#target1"
    target="_self"
  >
    Link 1
  </a>
  <a
    class="c1"
    href="#target2"
    target="_self"
  >
    Link 2
  </a>
  <a
    class="c1"
    href="#target3"
    target="_self"
  >
    Link 3
  </a>
  <a
    class="c1"
    href="#target4"
    target="_self"
  >
    Link 4
  </a>
  <a
    class="c1"
    href="#target5"
    target="_self"
  >
    Link 5
  </a>
  <a
    class="c1"
    href="#target6"
    target="_self"
  >
    Link 6
  </a>
  <a
    class="c1"
    href="#target7"
    target="_self"
  >
    Link 7
  </a>
  <a
    class="c1"
    href="#target8"
    target="_self"
  >
    Link 8
  </a>
  <a
    class="c1"
    href="#target9"
    target="_self"
  >
    Link 9
  </a>
  <a
    class="c1"
    href="#target10"
    target="_self"
  >
    Link 10
  </a>
</nav>
`;
