// Jest Snapshot v1, https://goo.gl/fbAQLP

exports[`<GridText /> should render 1`] = `
.c4 {
  color: #0A1128;
  font-size: 6.4rem;
  text-transform: uppercase;
}

.c9 {
  color: #0A1128;
  font-size: 3.2rem;
  text-transform: none;
}

.c6 {
  font-size: 2.4rem;
}

.c2 .c5 {
  margin-bottom: 6.4rem;
}

.c7 {
  counter-reset: grid-counter;
  display: grid;
  grid-template-columns: repeat(auto-fill,minmax(280px,1fr));
  gap: 3.2rem;
}

.c8 .c3 {
  position: relative;
  width: -webkit-max-content;
  width: -moz-max-content;
  width: max-content;
  left: 5rem;
}

.c8 .c3::before {
  counter-increment: grid-counter;
  content: counter(grid-counter);
  position: absolute;
  font-size: 7rem;
  top: -2.5rem;
  left: -5rem;
  -webkit-transform: rotate(5deg);
  -ms-transform: rotate(5deg);
  transform: rotate(5deg);
}

.c1 {
  max-width: 120rem;
  margin: 0 auto;
  padding: 3.2rem;
  width: 100%;
}

.c0 {
  background: #FFFFFF;
  color: #0A1128;
  min-height: 100vh;
  display: -webkit-box;
  display: -webkit-flex;
  display: -ms-flexbox;
  display: flex;
  -webkit-align-items: center;
  -webkit-box-align: center;
  -ms-flex-align: center;
  align-items: center;
}

@media (max-width:768px) {
  .c4 {
    font-size: 4.0rem;
  }
}

<div>
  <div
    class="c0"
    id="grid-text"
  >
    <div
      class="c1"
    >
      <div
        class="c2"
      >
        <h2
          class="c3 c4"
        >
          My grid
        </h2>
        <p
          class="c5 c6"
        >
          Lorem ipsum dolor sit amet, consectetur adipiscing elit. Phasellus malesuada arcu sed dictum malesuada.
        </p>
        <div
          class="c7"
        >
          <div
            class="c8"
          >
            <h3
              class="c3 c9"
            >
              Teste 1
            </h3>
            <p
              class="c5 c6"
            >
              Vivamus vitae porta diam. Nullam mauris lorem, pretium ut dapibus sed, efficitur ac lorem. Phasellus eget felis leo. Integer vel suscipit nulla. Integer eget gravida lorem. Fusce odio nibh, pellentesque nec ultricies eu, molestie non purus. Cras condimentum porta pharetra. Vivamus porta laoreet leo in iaculis. Donec eget laoreet risus. Etiam sed erat ultrices, sodales sem sit amet, sagittis lacus. Pellentesque in cursus enim. 
            </p>
          </div>
          <div
            class="c8"
          >
            <h3
              class="c3 c9"
            >
              Teste 2
            </h3>
            <p
              class="c5 c6"
            >
              Vivamus vitae porta diam. Nullam mauris lorem, pretium ut dapibus sed, efficitur ac lorem. Phasellus eget felis leo. Integer vel suscipit nulla. Integer eget gravida lorem. Fusce odio nibh, pellentesque nec ultricies eu, molestie non purus. Cras condimentum porta pharetra. Vivamus porta laoreet leo in iaculis. Donec eget laoreet risus. Etiam sed erat ultrices, sodales sem sit amet, sagittis lacus. Pellentesque in cursus enim. 
            </p>
          </div>
          <div
            class="c8"
          >
            <h3
              class="c3 c9"
            >
              Teste 3
            </h3>
            <p
              class="c5 c6"
            >
              Vivamus vitae porta diam. Nullam mauris lorem, pretium ut dapibus sed, efficitur ac lorem. Phasellus eget felis leo. Integer vel suscipit nulla. Integer eget gravida lorem. Fusce odio nibh, pellentesque nec ultricies eu, molestie non purus. Cras condimentum porta pharetra. Vivamus porta laoreet leo in iaculis. Donec eget laoreet risus. Etiam sed erat ultrices, sodales sem sit amet, sagittis lacus. Pellentesque in cursus enim. 
            </p>
          </div>
        </div>
      </div>
    </div>
  </div>
</div>
`;
