// Jest Snapshot v1, https://goo.gl/fbAQLP

exports[`<Footer /> should match snapshot 1`] = `
.c3 {
  font-size: 2.4rem;
}

.c2 {
  max-width: 120rem;
  margin: 0 auto;
  padding: 3.2rem;
  width: 100%;
}

.c0 {
  text-align: center;
  border-top: 0.1rem solid #DDDDDD;
}

.c0 a {
  color: inherit;
  font-size: 1.6rem;
}

.c0 .c1 {
  padding-top: 0;
  padding-bottom: 0;
}

<div>
  <footer
    class="c0"
  >
    <div
      class="c1 c2"
    >
      <div
        class="c3"
      >
        <h1>
          Footer Text 
        </h1>
        <h1 />
      </div>
    </div>
  </footer>
</div>
`;
